[d.playalotgames.com/index.html]
[backblue.gif]
[fade.gif]
[index.html]
[d.playalotgames.com/assets/styles/components/normalize.min.css]
[d.playalotgames.com/public/css/main.css]
[d.playalotgames.com/public/css/swiper.css]
[d.playalotgames.com/index-2.html]
[d.playalotgames.com/blog.html]
[d.playalotgames.com/public/img/androidqr5e1f.png]
[d.playalotgames.com/public/img/iosqr5e1f.png]
[d.playalotgames.com/itms-services_/indexb26f.html]
[d.playalotgames.com/public/img/webqr.png]
[d.playalotgames.com/public/img/tishi@2x.png]
[d.playalotgames.com/assets/javascripts/main.js]
[d.playalotgames.com/index.html]
[d.playalotgames.com/assets/styles/components/normalize.min.css]
[d.playalotgames.com/public/img/top-bg.png]
[d.playalotgames.com/public/img/logo.png]
[d.playalotgames.com/public/img/menu-btn.png]
[d.playalotgames.com/public/img/menu-btn-main-h.png]
[d.playalotgames.com/public/img/menu-btn-vip.png]
[d.playalotgames.com/public/img/menu-btn-vip-h.png]
[d.playalotgames.com/public/img/left-download.png]
[d.playalotgames.com/assets/javascripts/swiper.js]
[d.playalotgames.com/public/img/slide-border.png]
[d.playalotgames.com/assets/javascripts/jquery-3.1.0.js]
[d.playalotgames.com/public/img/right-arr.png]
[d.playalotgames.com/public/img/left-arr.png]
[d.playalotgames.com/public/img/items-bg.jpg]
[d.playalotgames.com/public/img/item-border.png]
[d.playalotgames.com/public/img/star-bg.png]
[d.playalotgames.com/public/img/star.png]
[d.playalotgames.com/public/img/big-logo.png]
[d.playalotgames.com/public/img/footer-bg.jpg]
[d.playalotgames.com/public/img/login-bg.png]
[d.playalotgames.com/public/img/flag1.png]
[d.playalotgames.com/public/img/flag2.png]
[d.playalotgames.com/public/img/flag3.png]
[d.playalotgames.com/public/img/flag4.png]
[d.playalotgames.com/public/img/flag5.png]
[d.playalotgames.com/public/img/bg-big.jpg]
[d.playalotgames.com/public/img/blog/bg.jpg]
[d.playalotgames.com/public/img/blog/border.png]
[d.playalotgames.com/public/img/blog/blog-inner-bg.png]
[d.playalotgames.com/public/img/blog/ava-bg.png]
[d.playalotgames.com/public/img/blog/text-area.png]
[d.playalotgames.com/public/css/main.css]
[d.playalotgames.com/public/css/swiper.css]
[d.playalotgames.com/index-2.html]
[d.playalotgames.com/blog.html]
[d.playalotgames.com/itms-services_/indexb26f.html]
